// Jest Snapshot v1, https://goo.gl/fbAQLP

exports[`Test the 404 Component should match snapshot 1`] = `
<Fragment>
  <footer>
    <p>
      Store Manager, Copyrighty Â© 2019
    </p>
  </footer>
</Fragment>
`;
