// Jest Snapshot v1, https://goo.gl/fbAQLP

exports[`<Narbar Component /> should 1`] = `
<Fragment>
  <AuthNav />
  <div
    className="container"
  >
    <h1>
      Cart
    </h1>
  </div>
</Fragment>
`;
